MO FIFI2 NULL ipcore_dir/FIFI2.v vlg00/_f_i_f_i2.bin 1497469823
MO MULT_IP_Core NULL ipcore_dir/MULT_IP_Core.v vlg66/_m_u_l_t___i_p___core.bin 1497469823
MO Controller NULL Controller.v vlg34/_controller.bin 1497469344
MO RAM NULL ipcore_dir/RAM.v vlg14/_r_a_m.bin 1497469823
MO FIFI_and_HT NULL FIFI_and_HT.v vlg0F/_f_i_f_i__and___h_t.bin 1497469344
MO Datapath NULL Datapath.v vlg07/_datapath.bin 1497469823
