MO Memory_Interface_Controller NULL Memory_Interface_Controller.v vlg4C/_memory___interface___controller.bin 1495113349
MO Memory_Interface NULL Memory_Interface.v vlg65/_memory___interface.bin 1495113349
MO Memory_Interface_Datapath NULL Memory_Interface_Datapath.v vlg5F/_memory___interface___datapath.bin 1495113349
